         61 graphs : squares=0; triang=0; maxlcliq=10; components=1; nonedges=35; maxindset=5; maxclique=2
         82 graphs : squares=0; triang=0; maxlcliq=10; components=1; nonedges=35; maxindset=6; maxclique=2
         13 graphs : squares=0; triang=0; maxlcliq=10; components=1; nonedges=35; maxindset=7; maxclique=2
          1 graphs : squares=0; triang=0; maxlcliq=10; components=2; nonedges=35; maxindset=4; maxclique=2
          7 graphs : squares=0; triang=0; maxlcliq=10; components=2; nonedges=35; maxindset=5; maxclique=2
         11 graphs : squares=0; triang=0; maxlcliq=11; components=2; nonedges=35; maxindset=5; maxclique=2
         18 graphs : squares=0; triang=0; maxlcliq=11; components=2; nonedges=35; maxindset=6; maxclique=2
          1 graphs : squares=0; triang=0; maxlcliq=12; components=3; nonedges=35; maxindset=6; maxclique=2
        100 graphs : squares=0; triang=1; maxlcliq=8; components=1; nonedges=35; maxindset=5; maxclique=3
        149 graphs : squares=0; triang=1; maxlcliq=8; components=1; nonedges=35; maxindset=6; maxclique=3
         46 graphs : squares=0; triang=1; maxlcliq=8; components=1; nonedges=35; maxindset=7; maxclique=3
          4 graphs : squares=0; triang=1; maxlcliq=8; components=1; nonedges=35; maxindset=8; maxclique=3
          4 graphs : squares=0; triang=1; maxlcliq=8; components=2; nonedges=35; maxindset=4; maxclique=3
         36 graphs : squares=0; triang=1; maxlcliq=8; components=2; nonedges=35; maxindset=5; maxclique=3
          7 graphs : squares=0; triang=1; maxlcliq=8; components=2; nonedges=35; maxindset=6; maxclique=3
         40 graphs : squares=0; triang=1; maxlcliq=9; components=2; nonedges=35; maxindset=5; maxclique=3
         71 graphs : squares=0; triang=1; maxlcliq=9; components=2; nonedges=35; maxindset=6; maxclique=3
          6 graphs : squares=0; triang=1; maxlcliq=9; components=2; nonedges=35; maxindset=7; maxclique=3
          1 graphs : squares=0; triang=1; maxlcliq=9; components=3; nonedges=35; maxindset=5; maxclique=3
          2 graphs : squares=0; triang=1; maxlcliq=10; components=3; nonedges=35; maxindset=5; maxclique=3
          6 graphs : squares=0; triang=1; maxlcliq=10; components=3; nonedges=35; maxindset=6; maxclique=3
         10 graphs : squares=0; triang=2; maxlcliq=6; components=2; nonedges=35; maxindset=4; maxclique=3
         51 graphs : squares=0; triang=2; maxlcliq=6; components=2; nonedges=35; maxindset=5; maxclique=3
         21 graphs : squares=0; triang=2; maxlcliq=6; components=2; nonedges=35; maxindset=6; maxclique=3
         38 graphs : squares=0; triang=2; maxlcliq=7; components=2; nonedges=35; maxindset=5; maxclique=3
         55 graphs : squares=0; triang=2; maxlcliq=7; components=2; nonedges=35; maxindset=6; maxclique=3
          9 graphs : squares=0; triang=2; maxlcliq=7; components=2; nonedges=35; maxindset=7; maxclique=3
          3 graphs : squares=0; triang=2; maxlcliq=7; components=3; nonedges=35; maxindset=5; maxclique=3
          4 graphs : squares=0; triang=2; maxlcliq=8; components=3; nonedges=35; maxindset=5; maxclique=3
         11 graphs : squares=0; triang=2; maxlcliq=8; components=3; nonedges=35; maxindset=6; maxclique=3
          2 graphs : squares=0; triang=3; maxlcliq=4; components=3; nonedges=35; maxindset=4; maxclique=3
          1 graphs : squares=0; triang=3; maxlcliq=5; components=3; nonedges=35; maxindset=4; maxclique=3
          5 graphs : squares=0; triang=3; maxlcliq=5; components=3; nonedges=35; maxindset=5; maxclique=3
          3 graphs : squares=0; triang=3; maxlcliq=6; components=3; nonedges=35; maxindset=5; maxclique=3
          4 graphs : squares=0; triang=3; maxlcliq=6; components=3; nonedges=35; maxindset=6; maxclique=3
         37 graphs : squares=1; triang=0; maxlcliq=10; components=1; nonedges=35; maxindset=5; maxclique=2
        119 graphs : squares=1; triang=0; maxlcliq=10; components=1; nonedges=35; maxindset=6; maxclique=2
         42 graphs : squares=1; triang=0; maxlcliq=10; components=1; nonedges=35; maxindset=7; maxclique=2
          4 graphs : squares=1; triang=0; maxlcliq=10; components=1; nonedges=35; maxindset=8; maxclique=2
         23 graphs : squares=1; triang=0; maxlcliq=10; components=2; nonedges=35; maxindset=5; maxclique=2
         11 graphs : squares=1; triang=0; maxlcliq=10; components=2; nonedges=35; maxindset=6; maxclique=2
         14 graphs : squares=1; triang=0; maxlcliq=11; components=2; nonedges=35; maxindset=5; maxclique=2
         71 graphs : squares=1; triang=0; maxlcliq=11; components=2; nonedges=35; maxindset=6; maxclique=2
         12 graphs : squares=1; triang=0; maxlcliq=11; components=2; nonedges=35; maxindset=7; maxclique=2
          1 graphs : squares=1; triang=0; maxlcliq=12; components=3; nonedges=35; maxindset=5; maxclique=2
          4 graphs : squares=1; triang=0; maxlcliq=12; components=3; nonedges=35; maxindset=6; maxclique=2
         67 graphs : squares=1; triang=1; maxlcliq=8; components=2; nonedges=35; maxindset=5; maxclique=3
         44 graphs : squares=1; triang=1; maxlcliq=8; components=2; nonedges=35; maxindset=6; maxclique=3
         36 graphs : squares=1; triang=1; maxlcliq=9; components=2; nonedges=35; maxindset=5; maxclique=3
        138 graphs : squares=1; triang=1; maxlcliq=9; components=2; nonedges=35; maxindset=6; maxclique=3
         33 graphs : squares=1; triang=1; maxlcliq=9; components=2; nonedges=35; maxindset=7; maxclique=3
          4 graphs : squares=1; triang=1; maxlcliq=9; components=3; nonedges=35; maxindset=5; maxclique=3
          1 graphs : squares=1; triang=1; maxlcliq=9; components=3; nonedges=35; maxindset=6; maxclique=3
          2 graphs : squares=1; triang=1; maxlcliq=10; components=3; nonedges=35; maxindset=5; maxclique=3
         32 graphs : squares=1; triang=1; maxlcliq=10; components=3; nonedges=35; maxindset=6; maxclique=3
          3 graphs : squares=1; triang=1; maxlcliq=10; components=3; nonedges=35; maxindset=7; maxclique=3
          3 graphs : squares=1; triang=2; maxlcliq=6; components=3; nonedges=35; maxindset=4; maxclique=3
          1 graphs : squares=1; triang=2; maxlcliq=6; components=3; nonedges=35; maxindset=5; maxclique=3
         40 graphs : squares=1; triang=2; maxlcliq=7; components=2; nonedges=35; maxindset=5; maxclique=3
         48 graphs : squares=1; triang=2; maxlcliq=7; components=2; nonedges=35; maxindset=6; maxclique=3
          9 graphs : squares=1; triang=2; maxlcliq=7; components=2; nonedges=35; maxindset=7; maxclique=3
          1 graphs : squares=1; triang=2; maxlcliq=7; components=3; nonedges=35; maxindset=4; maxclique=3
         14 graphs : squares=1; triang=2; maxlcliq=7; components=3; nonedges=35; maxindset=5; maxclique=3
          3 graphs : squares=1; triang=2; maxlcliq=7; components=3; nonedges=35; maxindset=6; maxclique=3
         19 graphs : squares=1; triang=2; maxlcliq=8; components=2; nonedges=35; maxindset=5; maxclique=3
         83 graphs : squares=1; triang=2; maxlcliq=8; components=2; nonedges=35; maxindset=6; maxclique=3
         37 graphs : squares=1; triang=2; maxlcliq=8; components=2; nonedges=35; maxindset=7; maxclique=3
          3 graphs : squares=1; triang=2; maxlcliq=8; components=2; nonedges=35; maxindset=8; maxclique=3
         14 graphs : squares=1; triang=2; maxlcliq=8; components=3; nonedges=35; maxindset=5; maxclique=3
         40 graphs : squares=1; triang=2; maxlcliq=8; components=3; nonedges=35; maxindset=6; maxclique=3
          4 graphs : squares=1; triang=2; maxlcliq=8; components=3; nonedges=35; maxindset=7; maxclique=3
          5 graphs : squares=1; triang=2; maxlcliq=9; components=3; nonedges=35; maxindset=5; maxclique=3
         26 graphs : squares=1; triang=2; maxlcliq=9; components=3; nonedges=35; maxindset=6; maxclique=3
          2 graphs : squares=1; triang=2; maxlcliq=9; components=3; nonedges=35; maxindset=7; maxclique=3
          1 graphs : squares=1; triang=2; maxlcliq=9; components=4; nonedges=35; maxindset=6; maxclique=3
          2 graphs : squares=1; triang=3; maxlcliq=5; components=3; nonedges=35; maxindset=4; maxclique=3
          4 graphs : squares=1; triang=3; maxlcliq=5; components=3; nonedges=35; maxindset=5; maxclique=3
         15 graphs : squares=1; triang=3; maxlcliq=6; components=3; nonedges=35; maxindset=5; maxclique=3
          9 graphs : squares=1; triang=3; maxlcliq=6; components=3; nonedges=35; maxindset=6; maxclique=3
          8 graphs : squares=1; triang=3; maxlcliq=7; components=3; nonedges=35; maxindset=5; maxclique=3
         30 graphs : squares=1; triang=3; maxlcliq=7; components=3; nonedges=35; maxindset=6; maxclique=3
          6 graphs : squares=1; triang=3; maxlcliq=7; components=3; nonedges=35; maxindset=7; maxclique=3
          1 graphs : squares=1; triang=3; maxlcliq=7; components=4; nonedges=35; maxindset=6; maxclique=3
          2 graphs : squares=1; triang=3; maxlcliq=8; components=4; nonedges=35; maxindset=6; maxclique=3
         11 graphs : squares=2; triang=0; maxlcliq=10; components=2; nonedges=35; maxindset=5; maxclique=2
         13 graphs : squares=2; triang=0; maxlcliq=10; components=2; nonedges=35; maxindset=6; maxclique=2
         37 graphs : squares=2; triang=0; maxlcliq=11; components=2; nonedges=35; maxindset=6; maxclique=2
         10 graphs : squares=2; triang=0; maxlcliq=11; components=2; nonedges=35; maxindset=7; maxclique=2
          1 graphs : squares=2; triang=0; maxlcliq=11; components=3; nonedges=35; maxindset=5; maxclique=2
          1 graphs : squares=2; triang=0; maxlcliq=11; components=3; nonedges=35; maxindset=6; maxclique=2
         11 graphs : squares=2; triang=0; maxlcliq=12; components=3; nonedges=35; maxindset=6; maxclique=2
          3 graphs : squares=2; triang=0; maxlcliq=12; components=3; nonedges=35; maxindset=7; maxclique=2
          1 graphs : squares=2; triang=1; maxlcliq=8; components=3; nonedges=35; maxindset=5; maxclique=3
          8 graphs : squares=2; triang=1; maxlcliq=9; components=3; nonedges=35; maxindset=5; maxclique=3
          3 graphs : squares=2; triang=1; maxlcliq=9; components=3; nonedges=35; maxindset=6; maxclique=3
         36 graphs : squares=2; triang=1; maxlcliq=10; components=3; nonedges=35; maxindset=6; maxclique=3
          4 graphs : squares=2; triang=1; maxlcliq=10; components=3; nonedges=35; maxindset=7; maxclique=3
          3 graphs : squares=2; triang=2; maxlcliq=7; components=3; nonedges=35; maxindset=5; maxclique=3
          6 graphs : squares=2; triang=2; maxlcliq=8; components=3; nonedges=35; maxindset=5; maxclique=3
         10 graphs : squares=2; triang=2; maxlcliq=8; components=3; nonedges=35; maxindset=6; maxclique=3
         38 graphs : squares=2; triang=2; maxlcliq=9; components=3; nonedges=35; maxindset=6; maxclique=3
         14 graphs : squares=2; triang=2; maxlcliq=9; components=3; nonedges=35; maxindset=7; maxclique=3
          4 graphs : squares=2; triang=2; maxlcliq=9; components=4; nonedges=35; maxindset=6; maxclique=3
          2 graphs : squares=2; triang=2; maxlcliq=10; components=4; nonedges=35; maxindset=6; maxclique=3
          4 graphs : squares=2; triang=3; maxlcliq=6; components=3; nonedges=35; maxindset=5; maxclique=3
          6 graphs : squares=2; triang=3; maxlcliq=7; components=3; nonedges=35; maxindset=5; maxclique=3
         11 graphs : squares=2; triang=3; maxlcliq=7; components=3; nonedges=35; maxindset=6; maxclique=3
         26 graphs : squares=2; triang=3; maxlcliq=8; components=3; nonedges=35; maxindset=6; maxclique=3
         12 graphs : squares=2; triang=3; maxlcliq=8; components=3; nonedges=35; maxindset=7; maxclique=3
          4 graphs : squares=2; triang=3; maxlcliq=8; components=4; nonedges=35; maxindset=6; maxclique=3
          1 graphs : squares=2; triang=3; maxlcliq=8; components=4; nonedges=35; maxindset=7; maxclique=3
          2 graphs : squares=2; triang=3; maxlcliq=9; components=4; nonedges=35; maxindset=6; maxclique=3
          1 graphs : squares=2; triang=4; maxlcliq=6; components=4; nonedges=35; maxindset=5; maxclique=3
          1 graphs : squares=2; triang=4; maxlcliq=6; components=4; nonedges=35; maxindset=6; maxclique=3
          5 graphs : squares=2; triang=4; maxlcliq=7; components=4; nonedges=35; maxindset=6; maxclique=3
          1 graphs : squares=2; triang=4; maxlcliq=7; components=4; nonedges=35; maxindset=7; maxclique=3
          6 graphs : squares=3; triang=0; maxlcliq=10; components=2; nonedges=35; maxindset=5; maxclique=2
         21 graphs : squares=3; triang=0; maxlcliq=10; components=2; nonedges=35; maxindset=6; maxclique=2
          6 graphs : squares=3; triang=0; maxlcliq=10; components=2; nonedges=35; maxindset=7; maxclique=2
         31 graphs : squares=3; triang=0; maxlcliq=11; components=2; nonedges=35; maxindset=6; maxclique=2
         22 graphs : squares=3; triang=0; maxlcliq=11; components=2; nonedges=35; maxindset=7; maxclique=2
          3 graphs : squares=3; triang=0; maxlcliq=11; components=2; nonedges=35; maxindset=8; maxclique=2
          1 graphs : squares=3; triang=0; maxlcliq=11; components=3; nonedges=35; maxindset=5; maxclique=2
          2 graphs : squares=3; triang=0; maxlcliq=11; components=3; nonedges=35; maxindset=6; maxclique=2
         12 graphs : squares=3; triang=0; maxlcliq=12; components=3; nonedges=35; maxindset=6; maxclique=2
          4 graphs : squares=3; triang=0; maxlcliq=12; components=3; nonedges=35; maxindset=7; maxclique=2
          2 graphs : squares=3; triang=1; maxlcliq=8; components=3; nonedges=35; maxindset=5; maxclique=3
          3 graphs : squares=3; triang=1; maxlcliq=9; components=3; nonedges=35; maxindset=5; maxclique=3
          8 graphs : squares=3; triang=1; maxlcliq=9; components=3; nonedges=35; maxindset=6; maxclique=3
         19 graphs : squares=3; triang=1; maxlcliq=10; components=3; nonedges=35; maxindset=6; maxclique=3
         12 graphs : squares=3; triang=1; maxlcliq=10; components=3; nonedges=35; maxindset=7; maxclique=3
          2 graphs : squares=3; triang=1; maxlcliq=11; components=4; nonedges=35; maxindset=6; maxclique=3
          4 graphs : squares=3; triang=2; maxlcliq=7; components=3; nonedges=35; maxindset=5; maxclique=3
          5 graphs : squares=3; triang=2; maxlcliq=8; components=3; nonedges=35; maxindset=5; maxclique=3
         11 graphs : squares=3; triang=2; maxlcliq=8; components=3; nonedges=35; maxindset=6; maxclique=3
          1 graphs : squares=3; triang=2; maxlcliq=8; components=4; nonedges=35; maxindset=5; maxclique=3
         22 graphs : squares=3; triang=2; maxlcliq=9; components=3; nonedges=35; maxindset=6; maxclique=3
         11 graphs : squares=3; triang=2; maxlcliq=9; components=3; nonedges=35; maxindset=7; maxclique=3
          3 graphs : squares=3; triang=2; maxlcliq=9; components=4; nonedges=35; maxindset=6; maxclique=3
          1 graphs : squares=3; triang=2; maxlcliq=9; components=4; nonedges=35; maxindset=7; maxclique=3
          4 graphs : squares=3; triang=2; maxlcliq=10; components=4; nonedges=35; maxindset=6; maxclique=3
          1 graphs : squares=3; triang=2; maxlcliq=10; components=4; nonedges=35; maxindset=7; maxclique=3
          1 graphs : squares=3; triang=3; maxlcliq=6; components=3; nonedges=35; maxindset=5; maxclique=3
          2 graphs : squares=3; triang=3; maxlcliq=6; components=3; nonedges=35; maxindset=6; maxclique=3
          1 graphs : squares=3; triang=3; maxlcliq=7; components=3; nonedges=35; maxindset=5; maxclique=3
          6 graphs : squares=3; triang=3; maxlcliq=7; components=3; nonedges=35; maxindset=6; maxclique=3
          4 graphs : squares=3; triang=3; maxlcliq=7; components=3; nonedges=35; maxindset=7; maxclique=3
          2 graphs : squares=3; triang=3; maxlcliq=7; components=4; nonedges=35; maxindset=5; maxclique=3
          7 graphs : squares=3; triang=3; maxlcliq=8; components=3; nonedges=35; maxindset=6; maxclique=3
         10 graphs : squares=3; triang=3; maxlcliq=8; components=3; nonedges=35; maxindset=7; maxclique=3
          2 graphs : squares=3; triang=3; maxlcliq=8; components=3; nonedges=35; maxindset=8; maxclique=3
          1 graphs : squares=3; triang=3; maxlcliq=8; components=4; nonedges=35; maxindset=5; maxclique=3
          8 graphs : squares=3; triang=3; maxlcliq=8; components=4; nonedges=35; maxindset=6; maxclique=3
          9 graphs : squares=3; triang=3; maxlcliq=9; components=4; nonedges=35; maxindset=6; maxclique=3
          2 graphs : squares=3; triang=4; maxlcliq=5; components=3; nonedges=35; maxindset=4; maxclique=4
          5 graphs : squares=3; triang=4; maxlcliq=5; components=3; nonedges=35; maxindset=5; maxclique=4
          8 graphs : squares=3; triang=4; maxlcliq=6; components=3; nonedges=35; maxindset=5; maxclique=4
          7 graphs : squares=3; triang=4; maxlcliq=6; components=3; nonedges=35; maxindset=6; maxclique=4
          1 graphs : squares=3; triang=4; maxlcliq=6; components=4; nonedges=35; maxindset=6; maxclique=3
          4 graphs : squares=3; triang=4; maxlcliq=7; components=3; nonedges=35; maxindset=5; maxclique=4
         11 graphs : squares=3; triang=4; maxlcliq=7; components=3; nonedges=35; maxindset=6; maxclique=4
          4 graphs : squares=3; triang=4; maxlcliq=7; components=3; nonedges=35; maxindset=7; maxclique=4
          1 graphs : squares=3; triang=4; maxlcliq=7; components=4; nonedges=35; maxindset=5; maxclique=3
          3 graphs : squares=3; triang=4; maxlcliq=7; components=4; nonedges=35; maxindset=6; maxclique=3
          1 graphs : squares=3; triang=4; maxlcliq=7; components=4; nonedges=35; maxindset=7; maxclique=3
          6 graphs : squares=3; triang=4; maxlcliq=8; components=4; nonedges=35; maxindset=6; maxclique=3
          1 graphs : squares=3; triang=4; maxlcliq=8; components=4; nonedges=35; maxindset=6; maxclique=4
          3 graphs : squares=3; triang=4; maxlcliq=8; components=4; nonedges=35; maxindset=7; maxclique=3
          1 graphs : squares=3; triang=5; maxlcliq=4; components=4; nonedges=35; maxindset=4; maxclique=4
          3 graphs : squares=3; triang=5; maxlcliq=5; components=4; nonedges=35; maxindset=5; maxclique=4
          1 graphs : squares=3; triang=5; maxlcliq=6; components=4; nonedges=35; maxindset=5; maxclique=4
          3 graphs : squares=3; triang=5; maxlcliq=6; components=4; nonedges=35; maxindset=6; maxclique=4
          2 graphs : squares=4; triang=0; maxlcliq=11; components=3; nonedges=35; maxindset=6; maxclique=2
          4 graphs : squares=4; triang=0; maxlcliq=12; components=3; nonedges=35; maxindset=6; maxclique=2
          4 graphs : squares=4; triang=0; maxlcliq=12; components=3; nonedges=35; maxindset=7; maxclique=2
          1 graphs : squares=4; triang=1; maxlcliq=11; components=4; nonedges=35; maxindset=6; maxclique=3
          1 graphs : squares=4; triang=1; maxlcliq=11; components=4; nonedges=35; maxindset=7; maxclique=3
          4 graphs : squares=4; triang=2; maxlcliq=10; components=4; nonedges=35; maxindset=6; maxclique=3
          2 graphs : squares=4; triang=2; maxlcliq=10; components=4; nonedges=35; maxindset=7; maxclique=3
          1 graphs : squares=4; triang=3; maxlcliq=8; components=4; nonedges=35; maxindset=6; maxclique=3
          3 graphs : squares=4; triang=3; maxlcliq=9; components=4; nonedges=35; maxindset=6; maxclique=3
          5 graphs : squares=4; triang=3; maxlcliq=9; components=4; nonedges=35; maxindset=7; maxclique=3
          2 graphs : squares=4; triang=4; maxlcliq=7; components=4; nonedges=35; maxindset=5; maxclique=4
          1 graphs : squares=4; triang=4; maxlcliq=7; components=4; nonedges=35; maxindset=6; maxclique=3
          1 graphs : squares=4; triang=4; maxlcliq=8; components=4; nonedges=35; maxindset=6; maxclique=3
          4 graphs : squares=4; triang=4; maxlcliq=8; components=4; nonedges=35; maxindset=6; maxclique=4
          4 graphs : squares=4; triang=4; maxlcliq=8; components=4; nonedges=35; maxindset=7; maxclique=3
          1 graphs : squares=5; triang=0; maxlcliq=10; components=3; nonedges=35; maxindset=5; maxclique=2
          3 graphs : squares=5; triang=0; maxlcliq=11; components=3; nonedges=35; maxindset=6; maxclique=2
          5 graphs : squares=5; triang=0; maxlcliq=12; components=3; nonedges=35; maxindset=6; maxclique=2
          4 graphs : squares=5; triang=0; maxlcliq=12; components=3; nonedges=35; maxindset=7; maxclique=2
          1 graphs : squares=5; triang=0; maxlcliq=13; components=4; nonedges=35; maxindset=6; maxclique=2
          2 graphs : squares=5; triang=1; maxlcliq=11; components=4; nonedges=35; maxindset=6; maxclique=3
          1 graphs : squares=5; triang=2; maxlcliq=9; components=4; nonedges=35; maxindset=6; maxclique=3
          2 graphs : squares=5; triang=2; maxlcliq=10; components=4; nonedges=35; maxindset=6; maxclique=3
          3 graphs : squares=5; triang=2; maxlcliq=10; components=4; nonedges=35; maxindset=7; maxclique=3
          1 graphs : squares=5; triang=3; maxlcliq=8; components=4; nonedges=35; maxindset=6; maxclique=3
          2 graphs : squares=5; triang=3; maxlcliq=9; components=4; nonedges=35; maxindset=6; maxclique=3
          2 graphs : squares=5; triang=3; maxlcliq=9; components=4; nonedges=35; maxindset=7; maxclique=3
          1 graphs : squares=5; triang=4; maxlcliq=7; components=4; nonedges=35; maxindset=5; maxclique=3
          3 graphs : squares=5; triang=4; maxlcliq=8; components=4; nonedges=35; maxindset=6; maxclique=3
          3 graphs : squares=5; triang=4; maxlcliq=9; components=4; nonedges=35; maxindset=6; maxclique=3
          4 graphs : squares=5; triang=4; maxlcliq=9; components=4; nonedges=35; maxindset=7; maxclique=3
          1 graphs : squares=5; triang=5; maxlcliq=5; components=4; nonedges=35; maxindset=5; maxclique=4
          1 graphs : squares=5; triang=5; maxlcliq=6; components=4; nonedges=35; maxindset=5; maxclique=4
          3 graphs : squares=5; triang=5; maxlcliq=6; components=4; nonedges=35; maxindset=6; maxclique=4
          7 graphs : squares=5; triang=5; maxlcliq=7; components=4; nonedges=35; maxindset=6; maxclique=4
          4 graphs : squares=5; triang=5; maxlcliq=7; components=4; nonedges=35; maxindset=7; maxclique=4
          1 graphs : squares=5; triang=5; maxlcliq=9; components=5; nonedges=35; maxindset=6; maxclique=3
          1 graphs : squares=6; triang=0; maxlcliq=10; components=3; nonedges=35; maxindset=6; maxclique=2
          1 graphs : squares=6; triang=0; maxlcliq=11; components=3; nonedges=35; maxindset=6; maxclique=2
          2 graphs : squares=6; triang=0; maxlcliq=11; components=3; nonedges=35; maxindset=7; maxclique=2
          1 graphs : squares=6; triang=0; maxlcliq=12; components=3; nonedges=35; maxindset=6; maxclique=2
          4 graphs : squares=6; triang=0; maxlcliq=12; components=3; nonedges=35; maxindset=7; maxclique=2
          2 graphs : squares=6; triang=0; maxlcliq=12; components=3; nonedges=35; maxindset=8; maxclique=2
          1 graphs : squares=6; triang=1; maxlcliq=11; components=4; nonedges=35; maxindset=7; maxclique=3
          1 graphs : squares=6; triang=2; maxlcliq=9; components=4; nonedges=35; maxindset=6; maxclique=3
          1 graphs : squares=6; triang=2; maxlcliq=10; components=4; nonedges=35; maxindset=6; maxclique=3
          2 graphs : squares=6; triang=2; maxlcliq=10; components=4; nonedges=35; maxindset=7; maxclique=3
          1 graphs : squares=6; triang=4; maxlcliq=7; components=4; nonedges=35; maxindset=7; maxclique=3
          1 graphs : squares=6; triang=4; maxlcliq=8; components=4; nonedges=35; maxindset=7; maxclique=3
          1 graphs : squares=6; triang=4; maxlcliq=8; components=4; nonedges=35; maxindset=8; maxclique=3
          1 graphs : squares=6; triang=4; maxlcliq=8; components=5; nonedges=35; maxindset=6; maxclique=3
          1 graphs : squares=6; triang=4; maxlcliq=9; components=5; nonedges=35; maxindset=6; maxclique=3
          1 graphs : squares=6; triang=5; maxlcliq=9; components=5; nonedges=35; maxindset=6; maxclique=3
          1 graphs : squares=6; triang=6; maxlcliq=7; components=5; nonedges=35; maxindset=6; maxclique=4
          1 graphs : squares=7; triang=0; maxlcliq=13; components=4; nonedges=35; maxindset=7; maxclique=2
          1 graphs : squares=7; triang=5; maxlcliq=8; components=5; nonedges=35; maxindset=6; maxclique=4
          1 graphs : squares=7; triang=5; maxlcliq=9; components=5; nonedges=35; maxindset=7; maxclique=3
          1 graphs : squares=7; triang=6; maxlcliq=7; components=5; nonedges=35; maxindset=6; maxclique=4
          1 graphs : squares=7; triang=6; maxlcliq=7; components=5; nonedges=35; maxindset=7; maxclique=4
          1 graphs : squares=8; triang=0; maxlcliq=13; components=4; nonedges=35; maxindset=7; maxclique=2
          1 graphs : squares=8; triang=4; maxlcliq=10; components=5; nonedges=35; maxindset=7; maxclique=3
          1 graphs : squares=8; triang=6; maxlcliq=7; components=5; nonedges=35; maxindset=7; maxclique=4
          1 graphs : squares=9; triang=0; maxlcliq=12; components=4; nonedges=35; maxindset=6; maxclique=2
          1 graphs : squares=9; triang=0; maxlcliq=13; components=4; nonedges=35; maxindset=7; maxclique=2
          1 graphs : squares=9; triang=3; maxlcliq=10; components=5; nonedges=35; maxindset=7; maxclique=3
          1 graphs : squares=9; triang=7; maxlcliq=6; components=5; nonedges=35; maxindset=6; maxclique=4
          1 graphs : squares=9; triang=7; maxlcliq=7; components=5; nonedges=35; maxindset=6; maxclique=4
          1 graphs : squares=9; triang=7; maxlcliq=7; components=5; nonedges=35; maxindset=7; maxclique=4
          1 graphs : squares=10; triang=0; maxlcliq=13; components=4; nonedges=35; maxindset=8; maxclique=2
          1 graphs : squares=15; triang=10; maxlcliq=6; components=6; nonedges=35; maxindset=6; maxclique=5
 2769 graphs altogether; cpu=0.00 sec
>A ./countg --WTKcceehk
